2026-06-09 19:20:37,034 INFO Extracting weather data for Sikkim, India
2026-06-09 19:20:42,285 INFO Weather data extracted successfully for Sikkim, India
2026-06-09 19:20:42,287 INFO Cleaning weather data for Sikkim, India
2026-06-09 19:20:42,331 INFO Cleaning completed successfully for Sikkim, India
2026-06-09 19:41:03,320 INFO Extracting weather data for Goa, India
2026-06-09 19:41:04,482 INFO Weather data extracted successfully for Goa, India
2026-06-09 19:41:04,484 INFO Cleaning weather data for Goa, India
2026-06-09 19:41:04,489 INFO Cleaning completed successfully for Goa, India
2026-06-09 19:41:44,313 INFO Extracting weather data for Kerala, India
2026-06-09 19:41:47,201 INFO Weather data extracted successfully for Kerala, India
2026-06-09 19:41:47,203 INFO Cleaning weather data for Kerala, India
2026-06-09 19:41:47,207 INFO Cleaning completed successfully for Kerala, India
2026-06-09 19:42:28,669 INFO Extracting weather data for Rajasthan, India
2026-06-09 19:42:30,990 INFO Weather data extracted successfully for Rajasthan, India
2026-06-09 19:42:30,991 INFO Cleaning weather data for Rajasthan, India
2026-06-09 19:42:30,995 INFO Cleaning completed successfully for Rajasthan, India
2026-06-09 19:46:33,893 INFO Extracting weather data for Sikkim, India
2026-06-09 19:46:37,590 INFO Weather data extracted successfully for Sikkim, India
2026-06-09 19:46:37,591 INFO Cleaning weather data for Sikkim, India
2026-06-09 19:46:37,598 INFO Cleaning completed successfully for Sikkim, India
2026-06-09 19:53:25,184 INFO Extracting weather data for Sikkim, India
2026-06-09 19:53:26,817 INFO Weather data extracted successfully for Sikkim, India
2026-06-09 19:53:26,819 INFO Cleaning weather data for Sikkim, India
2026-06-09 19:53:26,825 INFO Cleaning completed successfully for Sikkim, India
2026-06-09 19:53:27,044 INFO Extracting weather data for Sikkim, India
2026-06-09 19:53:27,709 INFO Weather data extracted successfully for Sikkim, India
2026-06-09 19:53:27,709 INFO Cleaning weather data for Sikkim, India
2026-06-09 19:53:27,709 INFO Cleaning completed successfully for Sikkim, India
2026-06-09 19:53:28,427 ERROR Location not found
2026-06-09 19:56:53,252 INFO Extracting weather data for Sikkim, India
2026-06-09 19:56:57,599 INFO Weather data extracted successfully for Sikkim, India
2026-06-09 19:56:57,601 INFO Cleaning weather data for Sikkim, India
2026-06-09 19:56:57,607 INFO Cleaning completed successfully for Sikkim, India
2026-06-09 19:56:57,814 INFO Extracting weather data for Sikkim, India
2026-06-09 19:56:58,378 INFO Weather data extracted successfully for Sikkim, India
2026-06-09 19:56:58,379 INFO Cleaning weather data for Sikkim, India
2026-06-09 19:56:58,383 INFO Cleaning completed successfully for Sikkim, India
2026-06-09 19:59:16,854 INFO Extracting weather data for Sikkim, India
2026-06-09 19:59:17,633 INFO Weather data extracted successfully for Sikkim, India
2026-06-09 19:59:17,634 INFO Cleaning weather data for Sikkim, India
2026-06-09 19:59:17,640 INFO Cleaning completed successfully for Sikkim, India
2026-06-09 19:59:17,863 INFO Extracting weather data for Sikkim, India
2026-06-09 19:59:20,271 INFO Weather data extracted successfully for Sikkim, India
2026-06-09 19:59:20,273 INFO Cleaning weather data for Sikkim, India
2026-06-09 19:59:20,276 INFO Cleaning completed successfully for Sikkim, India
2026-06-09 20:01:56,442 INFO Extracting weather data for Sikkim, India
2026-06-09 20:01:57,377 INFO Weather data extracted successfully for Sikkim, India
2026-06-09 20:01:57,377 INFO Cleaning weather data for Sikkim, India
2026-06-09 20:01:57,388 INFO Cleaning completed successfully for Sikkim, India
2026-06-09 20:03:09,867 INFO Extracting weather data for Sikkim, India
2026-06-09 20:03:10,472 INFO Weather data extracted successfully for Sikkim, India
2026-06-09 20:03:10,473 INFO Cleaning weather data for Sikkim, India
2026-06-09 20:03:10,480 INFO Cleaning completed successfully for Sikkim, India
2026-06-09 20:03:10,721 INFO Extracting weather data for Sikkim, India
2026-06-09 20:03:12,428 INFO Weather data extracted successfully for Sikkim, India
2026-06-09 20:03:12,428 INFO Cleaning weather data for Sikkim, India
2026-06-09 20:03:12,444 INFO Cleaning completed successfully for Sikkim, India
2026-06-09 20:05:32,503 INFO Extracting weather data for Sikkim, India
2026-06-09 20:05:33,874 INFO Weather data extracted successfully for Sikkim, India
2026-06-09 20:05:33,875 INFO Cleaning weather data for Sikkim
2026-06-09 20:05:33,882 INFO Cleaning completed successfully for Sikkim
2026-06-09 20:11:10,073 INFO Extracting weather data for Sikkim, India
2026-06-09 20:11:10,718 INFO Weather data extracted successfully for Sikkim, India
2026-06-09 20:11:10,719 INFO Cleaning weather data for Sikkim
2026-06-09 20:11:10,723 INFO Cleaning completed successfully for Sikkim
2026-06-09 20:14:58,522 INFO Extracting weather data for Sikkim, India
2026-06-09 20:14:59,805 INFO Weather data extracted successfully for Sikkim, India
2026-06-09 20:14:59,805 INFO Cleaning weather data for Sikkim
2026-06-09 20:14:59,823 INFO Cleaning completed successfully for Sikkim
2026-06-09 23:09:55,388 INFO Extracting weather data for Sikkim, India
2026-06-09 23:09:57,603 INFO Weather data extracted successfully for Sikkim, India
2026-06-09 23:09:57,606 INFO Cleaning weather data for Sikkim
2026-06-09 23:09:57,620 INFO Cleaning completed successfully for Sikkim
2026-06-09 23:58:53,220 INFO Extracting weather data for Sikkim, India
2026-06-09 23:58:54,599 INFO Weather data extracted successfully for Sikkim, India
2026-06-09 23:58:54,600 INFO Cleaning weather data for Sikkim
2026-06-09 23:58:54,609 INFO Cleaning completed successfully for Sikkim
2026-06-10 00:00:23,969 INFO Extracting weather data for Sikkim, India
2026-06-10 00:00:25,395 INFO Weather data extracted successfully for Sikkim, India
2026-06-10 00:00:25,395 INFO Cleaning weather data for Sikkim
2026-06-10 00:00:25,408 INFO Cleaning completed successfully for Sikkim
2026-06-10 00:08:45,156 INFO Extracting weather data for Sikkim, India
2026-06-10 00:08:46,696 INFO Weather data extracted successfully for Sikkim, India
2026-06-10 00:08:46,697 INFO Cleaning weather data for Sikkim
2026-06-10 00:08:46,702 INFO Cleaning completed successfully for Sikkim
2026-06-10 17:02:07,607 INFO Extracting weather data for Varkala, Thiruvananthapuram, Kerala, 695145, India
2026-06-10 17:02:08,249 INFO Weather data extracted successfully for Varkala, Thiruvananthapuram, Kerala, 695145, India
2026-06-10 17:02:08,250 INFO Cleaning weather data for Varkala
2026-06-10 17:02:08,277 INFO Cleaning completed successfully for Varkala
2026-06-10 17:06:18,201 INFO Extracting weather data for Ladakh, India
2026-06-10 17:06:22,720 INFO Weather data extracted successfully for Ladakh, India
2026-06-10 17:06:22,720 INFO Cleaning weather data for Ladakh
2026-06-10 17:06:22,720 INFO Cleaning completed successfully for Ladakh
2026-06-23 23:44:31,863 INFO Extracting weather data for Sikkim, India
2026-06-23 23:44:32,640 INFO Weather data extracted successfully for Sikkim, India
2026-06-23 23:44:32,641 INFO Cleaning weather data for Sikkim
2026-06-23 23:44:32,654 INFO Cleaning completed successfully for Sikkim
2026-06-23 23:46:15,338 INFO Extracting weather data for Manali, Kullu, Himachal Pradesh, 175131, India
2026-06-23 23:46:15,978 INFO Weather data extracted successfully for Manali, Kullu, Himachal Pradesh, 175131, India
2026-06-23 23:46:15,979 INFO Cleaning weather data for Manali
2026-06-23 23:46:15,983 INFO Cleaning completed successfully for Manali
2026-06-23 23:48:17,237 INFO Extracting weather data for Munnar, Devikulam, Idukki, Kerala, 685612, India
2026-06-23 23:48:17,836 INFO Weather data extracted successfully for Munnar, Devikulam, Idukki, Kerala, 685612, India
2026-06-23 23:48:17,836 INFO Cleaning weather data for Munnar
2026-06-23 23:48:17,842 INFO Cleaning completed successfully for Munnar
2026-07-02 08:14:08,884 INFO Extracting weather data for Manali, Kullu, Himachal Pradesh, 175131, India
2026-07-02 08:14:09,087 INFO Extracting weather data for Munnar, Devikulam, Idukki, Kerala, 685612, India
2026-07-02 08:14:09,141 INFO Extracting weather data for Sikkim, India
2026-07-02 08:14:12,913 INFO Weather data extracted successfully for Manali, Kullu, Himachal Pradesh, 175131, India
2026-07-02 08:14:12,916 INFO Cleaning weather data for Manali
2026-07-02 08:14:12,964 INFO Cleaning completed successfully for Manali
2026-07-02 08:14:12,994 INFO Weather data extracted successfully for Sikkim, India
2026-07-02 08:14:12,998 INFO Cleaning weather data for Sikkim
2026-07-02 08:14:13,025 INFO Cleaning completed successfully for Sikkim
2026-07-02 08:14:13,527 INFO Weather data extracted successfully for Munnar, Devikulam, Idukki, Kerala, 685612, India
2026-07-02 08:14:13,532 INFO Cleaning weather data for Munnar
2026-07-02 08:14:13,557 INFO Cleaning completed successfully for Munnar
2026-07-21 10:28:50,002 INFO Extracting weather data for Manali, Kullu, Himachal Pradesh, 175131, India
2026-07-21 10:28:50,011 INFO Extracting weather data for Munnar, Devikulam, Idukki, Kerala, 685612, India
2026-07-21 10:28:52,359 INFO Weather data extracted successfully for Sikkim, India
 Himachal Pradesh, 175131, India
a
2026-07-21 10:28:52,364 INFO Cleaning weather data for Munnar
2026-07-21 10:28:52,455 INFO Cleaning completed successfully for Manali
2026-07-21 10:28:52,465 INFO Cleaning completed successfully for Munnar
2026-07-21 10:30:44,958 INFO Extracting weather data for Shillong, Mylliem, East Khasi Hills, Meghalaya, 793001, India
2026-07-21 10:30:45,001 INFO Extracting weather data for Kodagu, Karnataka, India
2026-07-21 10:30:45,041 INFO Extracting weather data for Udhagamandalam, Nilgiris, Tamil Nadu, 643001, India
2026-07-21 10:30:45,961 INFO Weather data extracted successfully for Kodagu, Karnataka, India
2026-07-21 10:30:45,966 INFO Cleaning weather data for Coorg
2026-07-21 10:30:46,039 INFO Cleaning completed successfully for Coorg
2026-07-21 10:30:46,117 INFO Weather data extracted successfully for Udhagamandalam, Nilgiris, Tamil Nadu, 643001, India
2026-07-21 10:30:46,123 INFO Weather data extracted successfully for Shillong, Mylliem, East Khasi Hills, Meghalaya, 793001, India
2026-07-21 10:30:46,128 INFO Cleaning weather data for Shillong
2026-07-21 10:30:46,184 INFO Cleaning completed successfully for Ooty
2026-07-21 10:30:46,196 INFO Cleaning completed successfully for Shillong
2026-07-22 12:00:05,639 INFO Extracting weather data for Kodagu, Karnataka, India
2026-07-22 12:00:06,112 INFO Extracting weather data for Shillong, Mylliem, East Khasi Hills, Meghalaya, 793001, India
2026-07-22 12:00:06,176 INFO Extracting weather data for Udhagamandalam, Nilgiris, Tamil Nadu, 643001, India
2026-07-22 12:00:07,062 INFO Weather data extracted successfully for Kodagu, Karnataka, India
2026-07-22 12:00:07,065 INFO Cleaning weather data for Coorg
2026-07-22 12:00:07,190 INFO Cleaning completed successfully for Coorg
2026-07-22 12:00:07,495 INFO Weather data extracted successfully for Udhagamandalam, Nilgiris, Tamil Nadu, 643001, India
2026-07-22 12:00:07,498 INFO Cleaning weather data for Ooty
2026-07-22 12:00:07,504 INFO Weather data extracted successfully for Shillong, Mylliem, East Khasi Hills, Meghalaya, 793001, India
2026-07-22 12:00:07,508 INFO Cleaning weather data for Shillong
2026-07-22 12:00:07,526 INFO Cleaning completed successfully for Ooty
2026-07-22 12:00:07,542 INFO Cleaning completed successfully for Shillong
2026-07-22 12:25:55,260 INFO Extracting weather data for Udhagamandalam, Nilgiris, Tamil Nadu, 643001, India
2026-07-22 12:25:55,958 INFO Extracting weather data for Kodagu, Karnataka, India
2026-07-22 12:25:55,962 INFO Weather data extracted successfully for Udhagamandalam, Nilgiris, Tamil Nadu, 643001, India
2026-07-22 12:25:55,966 INFO Cleaning weather data for Ooty
2026-07-22 12:25:56,012 INFO Cleaning completed successfully for Ooty
2026-07-22 12:25:56,041 INFO Extracting weather data for Shillong, Mylliem, East Khasi Hills, Meghalaya, 793001, India
2026-07-22 12:25:56,595 INFO Weather data extracted successfully for Kodagu, Karnataka, India
2026-07-22 12:25:56,599 INFO Cleaning weather data for Coorg
2026-07-22 12:25:56,633 INFO Cleaning completed successfully for Coorg
2026-07-22 12:25:56,653 INFO Weather data extracted successfully for Shillong, Mylliem, East Khasi Hills, Meghalaya, 793001, India
2026-07-22 12:25:56,657 INFO Cleaning weather data for Shillong
2026-07-22 12:25:56,688 INFO Cleaning completed successfully for Shillong
2026-07-23 09:44:27,400 INFO Extracting weather data for Kodagu, Karnataka, India
2026-07-23 09:44:30,269 INFO Weather data extracted successfully for Kodagu, Karnataka, India
2026-07-23 09:44:30,271 INFO Cleaning weather data for Coorg
2026-07-23 09:44:30,308 INFO Cleaning completed successfully for Coorg
2026-07-31 06:37:31,012 INFO Extracting weather data for Sikkim, India
2026-07-31 06:37:37,569 INFO Weather data extracted successfully for Sikkim, India
2026-07-31 06:37:37,571 INFO Cleaning weather data for Sikkim
2026-07-31 06:37:37,603 INFO Cleaning completed successfully for Sikkim
2026-07-31 06:42:47,780 INFO Extracting weather data for Sikkim, India
2026-07-31 06:42:49,188 INFO Weather data extracted successfully for Sikkim, India
2026-07-31 06:42:49,191 INFO Cleaning weather data for Sikkim
2026-07-31 06:42:49,203 INFO Cleaning completed successfully for Sikkim
2026-07-31 06:53:13,939 INFO Extracting weather data for Munnar, Devikulam, Idukki, Kerala, 685612, India
2026-07-31 06:53:14,305 INFO Extracting weather data for Manali, Kullu, Himachal Pradesh, 175131, India
2026-07-31 06:53:14,407 INFO Extracting weather data for Sikkim, India
2026-07-31 06:53:14,902 INFO Weather data extracted successfully for Munnar, Devikulam, Idukki, Kerala, 685612, India
2026-07-31 06:53:14,907 INFO Cleaning weather data for Munnar
2026-07-31 06:53:14,947 INFO Cleaning completed successfully for Munnar
2026-07-31 06:53:17,586 INFO Weather data extracted successfully for Manali, Kullu, Himachal Pradesh, 175131, India
2026-07-31 06:53:17,590 INFO Cleaning weather data for Manali
2026-07-31 06:53:17,612 INFO Weather data extracted successfully for Sikkim, India
2026-07-31 06:53:17,617 INFO Cleaning weather data for Sikkim
2026-07-31 06:53:17,637 INFO Cleaning completed successfully for Manali
2026-07-31 06:53:17,658 INFO Cleaning completed successfully for Sikkim
