2026-06-08 16:49:18,145 INFO Fetching hotel data for Sikkim...
2026-06-08 16:49:18,740 INFO Hotel data fetched successfully.
2026-06-08 16:49:18,745 ERROR Missing key in hotel data: 'check_in_time'
2026-06-08 16:49:18,745 ERROR Missing key in hotel data: 'essential_info'
2026-06-08 16:49:18,745 ERROR Missing key in hotel data: 'essential_info'
2026-06-08 16:49:18,745 ERROR Missing key in hotel data: 'essential_info'
2026-06-08 16:49:18,745 ERROR Missing key in hotel data: 'essential_info'
2026-06-08 16:49:18,745 ERROR Missing key in hotel data: 'essential_info'
2026-06-08 16:49:18,745 ERROR Missing key in hotel data: 'essential_info'
2026-06-08 16:49:18,746 ERROR Missing key in hotel data: 'essential_info'
2026-06-08 16:49:18,761 ERROR Missing key in hotel data: 'essential_info'
2026-06-08 16:49:18,761 ERROR Missing key in hotel data: 'essential_info'
2026-06-08 16:49:18,761 ERROR Missing key in hotel data: 'essential_info'
2026-06-08 16:49:18,763 ERROR Missing key in hotel data: 'check_in_time'
2026-06-08 16:49:18,763 ERROR Missing key in hotel data: 'essential_info'
2026-06-08 16:49:18,764 ERROR Missing key in hotel data: 'essential_info'
2026-06-08 16:49:18,764 ERROR Missing key in hotel data: 'essential_info'
2026-06-08 16:49:18,764 ERROR Missing key in hotel data: 'essential_info'
2026-06-08 16:49:18,764 ERROR Missing key in hotel data: 'essential_info'
2026-06-08 16:49:18,764 INFO Extracted 3 records.
2026-06-08 16:49:18,764 INFO ETL complete. DataFrame shape: (3, 10)

2026-06-08 16:50:24,050 INFO Fetching hotel data for Sikkim...
2026-06-08 16:50:24,186 INFO Hotel data fetched successfully.
2026-06-08 16:50:24,194 ERROR Missing key in hotel data: 'check_in_time' for hotel: Himalayan view point
2026-06-08 16:50:24,195 ERROR Missing key in hotel data: 'essential_info' for hotel: Vivanta Sikkim, Pakyong
2026-06-08 16:50:24,195 ERROR Missing key in hotel data: 'essential_info' for hotel: MAYFAIR Spa Resort & Casino, Gangtok
2026-06-08 16:50:24,195 ERROR Missing key in hotel data: 'essential_info' for hotel: Taj Guras Kutir Resort & Spa, Gangtok
2026-06-08 16:50:24,195 ERROR Missing key in hotel data: 'essential_info' for hotel: Denzong Regency
2026-06-08 16:50:24,195 ERROR Missing key in hotel data: 'essential_info' for hotel: Udaan Hotels | Alpine Resort, Gangtok
2026-06-08 16:50:24,195 ERROR Missing key in hotel data: 'essential_info' for hotel: MANDARIN VILLAGE RESORT
2026-06-08 16:50:24,195 ERROR Missing key in hotel data: 'essential_info' for hotel: The Elgin Nor-Khill - Gangtok - Heritage Resort & Spa (Since 1934)
2026-06-08 16:50:24,196 ERROR Missing key in hotel data: 'essential_info' for hotel: Kaya Gantavya Resort & Spa | Pelling
2026-06-08 16:50:24,197 ERROR Missing key in hotel data: 'essential_info' for hotel: Ging Tea House
2026-06-08 16:50:24,197 ERROR Missing key in hotel data: 'essential_info' for hotel: Glenburn Tea Estate
2026-06-08 16:50:24,197 ERROR Missing key in hotel data: 'check_in_time' for hotel: Galaxy Luxuria
2026-06-08 16:50:24,197 ERROR Missing key in hotel data: 'essential_info' for hotel: Voyage Glenz Resort
2026-06-08 16:50:24,197 ERROR Missing key in hotel data: 'essential_info' for hotel: Summit Namnang Courtyard & Spa
2026-06-08 16:50:24,198 ERROR Missing key in hotel data: 'essential_info' for hotel: Namdul Retreat, Kabi
2026-06-08 16:50:24,198 ERROR Missing key in hotel data: 'essential_info' for hotel: Magnolia Village Home Stay
2026-06-08 16:50:24,198 ERROR Missing key in hotel data: 'essential_info' for hotel: UDAAN HOTELS | HOTEL PINE CREST
2026-06-08 16:50:24,198 INFO Extracted 3 records.
2026-06-08 16:50:24,198 INFO ETL complete. DataFrame shape: (3, 10)

2026-06-09 15:42:27,694 INFO Fetching hotel data for Sikkim...
2026-06-09 15:42:28,191 INFO Hotel data fetched successfully.
2026-06-09 15:42:28,197 ERROR Missing key in hotel data: 'check_in_time' for hotel: Himalayan view point
2026-06-09 15:42:28,197 ERROR Missing key in hotel data: 'essential_info' for hotel: Vivanta Sikkim, Pakyong
2026-06-09 15:42:28,197 ERROR Missing key in hotel data: 'essential_info' for hotel: MAYFAIR Spa Resort & Casino, Gangtok
2026-06-09 15:42:28,197 ERROR Missing key in hotel data: 'essential_info' for hotel: Taj Guras Kutir Resort & Spa, Gangtok
2026-06-09 15:42:28,197 ERROR Missing key in hotel data: 'essential_info' for hotel: MANDARIN VILLAGE RESORT
2026-06-09 15:42:28,197 ERROR Missing key in hotel data: 'essential_info' for hotel: Ging Tea House
2026-06-09 15:42:28,198 ERROR Missing key in hotel data: 'essential_info' for hotel: Magnolia Village Home Stay
2026-06-09 15:42:28,198 ERROR Missing key in hotel data: 'essential_info' for hotel: Udaan Hotels | Alpine Resort, Gangtok
2026-06-09 15:42:28,198 ERROR Missing key in hotel data: 'essential_info' for hotel: Summit Namnang Courtyard & Spa
2026-06-09 15:42:28,198 ERROR Missing key in hotel data: 'essential_info' for hotel: Kaya Gantavya Resort & Spa | Pelling
2026-06-09 15:42:28,198 INFO Extracted 1 records.
2026-06-09 15:42:28,198 INFO ETL complete. DataFrame shape: (1, 10)

2026-06-09 15:45:20,713 INFO Fetching hotel data for Sikkim...
2026-06-09 15:45:20,859 INFO Hotel data fetched successfully.
2026-06-09 15:45:20,859 ERROR Missing key in hotel data: 'check_in_time' for hotel: Himalayan view point
2026-06-09 15:45:20,859 ERROR Missing key in hotel data: 'essential_info' for hotel: Vivanta Sikkim, Pakyong
2026-06-09 15:45:20,859 ERROR Missing key in hotel data: 'essential_info' for hotel: MAYFAIR Spa Resort & Casino, Gangtok
2026-06-09 15:45:20,859 ERROR Missing key in hotel data: 'essential_info' for hotel: Taj Guras Kutir Resort & Spa, Gangtok
2026-06-09 15:45:20,859 ERROR Missing key in hotel data: 'essential_info' for hotel: MANDARIN VILLAGE RESORT
2026-06-09 15:45:20,859 ERROR Missing key in hotel data: 'essential_info' for hotel: Ging Tea House
2026-06-09 15:45:20,859 ERROR Missing key in hotel data: 'essential_info' for hotel: Magnolia Village Home Stay
2026-06-09 15:45:20,859 ERROR Missing key in hotel data: 'essential_info' for hotel: Udaan Hotels | Alpine Resort, Gangtok
2026-06-09 15:45:20,859 ERROR Missing key in hotel data: 'essential_info' for hotel: Summit Namnang Courtyard & Spa
2026-06-09 15:45:20,859 ERROR Missing key in hotel data: 'essential_info' for hotel: Kaya Gantavya Resort & Spa | Pelling
2026-06-09 15:45:20,859 INFO Extracted 1 records.
2026-06-09 15:45:20,859 INFO ETL complete. DataFrame shape: (1, 10)

2026-06-09 15:47:25,693 INFO Fetching hotel data for Sikkim...
2026-06-09 15:47:26,000 INFO Hotel data fetched successfully.
2026-06-09 15:48:02,153 INFO Fetching hotel data for Sikkim...
2026-06-09 15:48:02,360 INFO Hotel data fetched successfully.
2026-06-09 15:48:02,376 INFO Extracted 11 records.
2026-06-09 15:48:02,376 INFO ETL complete. DataFrame shape: (11, 10)

2026-06-09 15:55:08,263 INFO Fetching hotel data for Sikkim...
2026-06-09 15:55:08,402 INFO Hotel data fetched successfully.
2026-06-09 15:55:08,429 INFO Extracted 11 records.
2026-06-09 15:55:08,429 INFO ETL complete. DataFrame shape: (11, 11)

2026-06-09 15:59:25,425 INFO Fetching hotel data for Goa...
2026-06-09 15:59:25,885 INFO Hotel data fetched successfully.
2026-06-09 15:59:25,922 INFO Extracted 20 records.
2026-06-09 15:59:25,922 INFO ETL complete. DataFrame shape: (20, 11)

2026-06-09 15:59:27,392 INFO Fetching hotel data for Kerala...
2026-06-09 15:59:30,592 INFO Hotel data fetched successfully.
2026-06-09 15:59:30,597 INFO Extracted 3 records.
2026-06-09 15:59:30,597 INFO ETL complete. DataFrame shape: (3, 11)

2026-06-09 15:59:32,427 INFO Fetching hotel data for Rajasthan...
2026-06-09 15:59:35,177 INFO Hotel data fetched successfully.
2026-06-09 15:59:35,202 INFO Extracted 20 records.
2026-06-09 15:59:35,207 INFO ETL complete. DataFrame shape: (20, 11)

2026-06-09 16:02:37,990 INFO Fetching hotel data for Goa...
2026-06-09 16:02:39,069 INFO Hotel data fetched successfully.
2026-06-09 16:02:39,094 INFO Extracted 20 records.
2026-06-09 16:02:39,094 INFO ETL complete. DataFrame shape: (20, 11)

2026-06-09 16:02:40,945 INFO Fetching hotel data for Kerala...
2026-06-09 16:02:41,567 INFO Hotel data fetched successfully.
2026-06-09 16:02:41,576 INFO Extracted 3 records.
2026-06-09 16:02:41,576 INFO ETL complete. DataFrame shape: (3, 11)

2026-06-09 16:02:43,003 INFO Fetching hotel data for Rajasthan...
2026-06-09 16:02:44,337 INFO Hotel data fetched successfully.
2026-06-09 16:02:44,371 INFO Extracted 20 records.
2026-06-09 16:02:44,371 INFO ETL complete. DataFrame shape: (20, 11)

2026-06-09 16:06:24,604 INFO Fetching hotel data for Goa...
2026-06-09 16:06:25,070 INFO Hotel data fetched successfully.
2026-06-09 16:06:25,112 INFO Extracted 20 records.
2026-06-09 16:06:25,112 INFO ETL complete. DataFrame shape: (20, 11)

2026-06-09 16:06:26,388 INFO Fetching hotel data for Kerala...
2026-06-09 16:06:26,997 INFO Hotel data fetched successfully.
2026-06-09 16:06:27,005 INFO Extracted 3 records.
2026-06-09 16:06:27,005 INFO ETL complete. DataFrame shape: (3, 11)

2026-06-09 16:06:28,078 INFO Fetching hotel data for Rajasthan...
2026-06-09 16:06:28,204 INFO Hotel data fetched successfully.
2026-06-09 16:06:28,240 INFO Extracted 20 records.
2026-06-09 16:06:28,240 INFO ETL complete. DataFrame shape: (20, 11)

2026-06-09 16:08:49,906 INFO Fetching hotel data for Goa...
2026-06-09 16:08:50,039 INFO Hotel data fetched successfully.
2026-06-09 16:08:50,067 INFO Extracted 20 records.
2026-06-09 16:08:50,067 INFO ETL complete. DataFrame shape: (20, 11)

2026-06-09 16:08:51,254 INFO Fetching hotel data for Kerala...
2026-06-09 16:08:51,788 INFO Hotel data fetched successfully.
2026-06-09 16:08:51,794 INFO Extracted 3 records.
2026-06-09 16:08:51,794 INFO ETL complete. DataFrame shape: (3, 11)

2026-06-09 16:08:53,027 INFO Fetching hotel data for Rajasthan...
2026-06-09 16:08:53,202 INFO Hotel data fetched successfully.
2026-06-09 16:08:53,240 INFO Extracted 20 records.
2026-06-09 16:08:53,240 INFO ETL complete. DataFrame shape: (20, 11)

2026-06-09 19:41:00,976 INFO Fetching hotel data for Goa...
2026-06-09 19:41:03,197 INFO Hotel data fetched successfully.
2026-06-09 19:41:03,217 INFO Extracted 20 records.
2026-06-09 19:41:03,218 INFO ETL complete. DataFrame shape: (20, 11)

2026-06-09 19:41:41,918 INFO Fetching hotel data for Kerala...
2026-06-09 19:41:44,179 INFO Hotel data fetched successfully.
2026-06-09 19:41:44,185 INFO Extracted 4 records.
2026-06-09 19:41:44,185 INFO ETL complete. DataFrame shape: (4, 11)

2026-06-09 19:42:26,170 INFO Fetching hotel data for Rajasthan...
2026-06-09 19:42:28,530 INFO Hotel data fetched successfully.
2026-06-09 19:42:28,550 INFO Extracted 20 records.
2026-06-09 19:42:28,550 INFO ETL complete. DataFrame shape: (20, 11)

2026-06-10 00:08:42,885 INFO Fetching hotel data for Sikkim...
2026-06-10 00:08:44,973 INFO Hotel data fetched successfully.
2026-06-10 00:08:45,006 INFO Extracted 17 records.
2026-06-10 00:08:45,007 INFO ETL complete. DataFrame shape: (17, 11)

2026-06-10 17:01:54,976 INFO Fetching hotel data for Varkala...
2026-06-10 17:02:07,479 INFO Hotel data fetched successfully.
2026-06-10 17:02:07,493 INFO Extracted 2 records.
2026-06-10 17:02:07,493 INFO ETL complete. DataFrame shape: (2, 11)

2026-06-10 17:06:12,938 INFO Fetching hotel data for Ladakh...
2026-06-10 17:06:18,084 INFO Hotel data fetched successfully.
2026-06-10 17:06:18,090 INFO Extracted 3 records.
2026-06-10 17:06:18,090 INFO ETL complete. DataFrame shape: (3, 11)

2026-06-23 23:44:29,720 INFO Fetching hotel data for Sikkim...
2026-06-23 23:44:31,763 INFO Hotel data fetched successfully.
2026-06-23 23:44:31,789 INFO Extracted 20 records.
2026-06-23 23:44:31,789 INFO ETL complete. DataFrame shape: (20, 11)

2026-06-23 23:46:11,223 INFO Fetching hotel data for Manali...
2026-06-23 23:46:15,177 INFO Hotel data fetched successfully.
2026-06-23 23:46:15,185 INFO Extracted 5 records.
2026-06-23 23:46:15,185 INFO ETL complete. DataFrame shape: (5, 11)

2026-06-23 23:48:14,861 INFO Fetching hotel data for Munnar...
2026-06-23 23:48:17,148 INFO Hotel data fetched successfully.
2026-06-23 23:48:17,158 INFO Extracted 6 records.
2026-06-23 23:48:17,158 INFO ETL complete. DataFrame shape: (6, 11)

2026-07-02 08:14:07,829 INFO Fetching hotel data for Manali...
2026-07-02 08:14:08,008 INFO Fetching hotel data for Munnar...
2026-07-02 08:14:10,460 INFO Hotel data fetched successfully.
2026-07-02 08:14:10,502 INFO Extracted 2 records.
2026-07-02 08:14:10,504 INFO ETL complete. DataFrame shape: (2, 11)

2026-07-02 08:14:17,991 INFO Fetching hotel data for Sikkim...
2026-07-02 08:14:19,167 INFO Hotel data fetched successfully.
2026-07-02 08:14:19,203 INFO Extracted 9 records.
2026-07-02 08:14:19,205 INFO ETL complete. DataFrame shape: (9, 11)

2026-07-02 08:14:23,956 INFO Hotel data fetched successfully.
2026-07-02 08:14:24,017 INFO Extracted 20 records.
2026-07-02 08:14:24,019 INFO ETL complete. DataFrame shape: (20, 11)

2026-07-21 10:28:49,090 INFO Fetching hotel data for Munnar...
2026-07-21 10:28:49,107 INFO Fetching hotel data for Sikkim...
2026-07-21 10:28:51,834 INFO Hotel data fetched successfully.
2026-07-21 10:28:51,888 INFO Extracted 6 records.
2026-07-21 10:28:51,889 INFO ETL complete. DataFrame shape: (6, 11)

2026-07-21 10:28:52,394 INFO Hotel data fetched successfully.
2026-07-21 10:28:52,536 INFO Extracted 20 records.
2026-07-21 10:28:52,538 INFO ETL complete. DataFrame shape: (20, 11)

2026-07-21 10:29:01,836 INFO Fetching hotel data for Manali...
2026-07-21 10:29:04,818 INFO Hotel data fetched successfully.
2026-07-21 10:29:04,836 INFO Extracted 6 records.
2026-07-21 10:29:04,837 INFO ETL complete. DataFrame shape: (6, 11)

2026-07-21 10:30:44,436 INFO Fetching hotel data for Shillong...
2026-07-21 10:30:44,925 INFO Fetching hotel data for Ooty...
2026-07-21 10:30:46,412 INFO Hotel data fetched successfully.
2026-07-21 10:30:46,454 INFO Extracted 5 records.
2026-07-21 10:30:46,456 INFO ETL complete. DataFrame shape: (5, 11)

2026-07-21 10:30:47,299 INFO Hotel data fetched successfully.
2026-07-21 10:30:47,424 INFO Extracted 20 records.
2026-07-21 10:30:47,427 INFO ETL complete. DataFrame shape: (20, 11)

2026-07-21 10:30:52,484 INFO Fetching hotel data for Coorg...
2026-07-21 10:30:54,714 INFO Hotel data fetched successfully.
2026-07-21 10:30:54,719 INFO Extracted 0 records.
2026-07-21 10:30:54,720 INFO ETL complete. DataFrame shape: (0, 4)

2026-07-22 12:00:04,813 INFO Fetching hotel data for Coorg...
2026-07-22 12:00:04,836 INFO Fetching hotel data for Ooty...
2026-07-22 12:00:04,874 INFO Fetching hotel data for Shillong...
2026-07-22 12:00:07,881 INFO Hotel data fetched successfully.
2026-07-22 12:00:07,922 INFO Extracted 5 records.
2026-07-22 12:00:07,923 INFO ETL complete. DataFrame shape: (5, 11)

2026-07-22 12:00:08,074 INFO Hotel data fetched successfully.
2026-07-22 12:00:08,099 INFO Extracted 0 records.
2026-07-22 12:00:08,101 INFO ETL complete. DataFrame shape: (0, 4)

2026-07-22 12:00:12,447 INFO Hotel data fetched successfully.
2026-07-22 12:00:12,521 INFO Extracted 20 records.
2026-07-22 12:00:12,522 INFO ETL complete. DataFrame shape: (20, 11)

2026-07-22 12:25:55,203 INFO Fetching hotel data for Ooty...
2026-07-22 12:25:55,340 INFO Fetching hotel data for Coorg...
2026-07-22 12:25:55,540 INFO Hotel data fetched successfully.
2026-07-22 12:25:55,560 INFO Extracted 0 records.
2026-07-22 12:25:55,563 INFO ETL complete. DataFrame shape: (0, 4)

2026-07-22 12:25:55,681 INFO Hotel data fetched successfully.
2026-07-22 12:25:55,773 INFO Extracted 20 records.
2026-07-22 12:25:55,775 INFO ETL complete. DataFrame shape: (20, 11)

2026-07-22 12:25:55,812 INFO Fetching hotel data for Shillong...
2026-07-22 12:25:56,226 INFO Hotel data fetched successfully.
2026-07-22 12:25:56,249 INFO Extracted 5 records.
2026-07-22 12:25:56,250 INFO ETL complete. DataFrame shape: (5, 11)

2026-07-23 09:32:12,265 INFO Fetching hotel data for Coorg...
2026-07-23 09:32:12,269 INFO Fetching hotel data for Shillong...
2026-07-23 09:32:12,275 INFO Fetching hotel data for Ooty...
2026-07-23 09:32:15,298 INFO Hotel data fetched successfully.
2026-07-23 09:32:15,333 INFO Extracted 13 records.
2026-07-23 09:32:15,334 INFO ETL complete. DataFrame shape: (13, 11)

2026-07-23 09:32:15,429 INFO Hotel data fetched successfully.
2026-07-23 09:32:15,455 INFO Extracted 7 records.
2026-07-23 09:32:15,456 INFO ETL complete. DataFrame shape: (7, 11)

2026-07-23 09:32:15,739 INFO Hotel data fetched successfully.
2026-07-23 09:32:15,751 INFO Extracted 0 records.
2026-07-23 09:32:15,752 INFO ETL complete. DataFrame shape: (0, 4)

2026-07-31 06:37:30,103 INFO Fetching hotel data for Sikkim...
2026-07-31 06:37:33,297 INFO Hotel data fetched successfully.
2026-07-31 06:37:33,398 INFO Extracted 20 records.
2026-07-31 06:37:33,400 INFO ETL complete. DataFrame shape: (20, 11)

2026-07-31 06:42:47,637 INFO Fetching hotel data for Sikkim...
2026-07-31 06:42:48,402 INFO Hotel data fetched successfully.
2026-07-31 06:42:48,426 INFO Extracted 20 records.
2026-07-31 06:42:48,427 INFO ETL complete. DataFrame shape: (20, 11)

2026-07-31 06:53:13,066 INFO Fetching hotel data for Munnar...
2026-07-31 06:53:13,381 INFO Fetching hotel data for Manali...
2026-07-31 06:53:14,076 INFO Fetching hotel data for Sikkim...
2026-07-31 06:53:14,493 INFO Hotel data fetched successfully.
2026-07-31 06:53:14,572 INFO Extracted 20 records.
2026-07-31 06:53:14,574 INFO ETL complete. DataFrame shape: (20, 11)

2026-07-31 06:53:15,574 INFO Hotel data fetched successfully.
2026-07-31 06:53:15,615 INFO Extracted 10 records.
2026-07-31 06:53:15,617 INFO ETL complete. DataFrame shape: (10, 11)

2026-07-31 06:53:15,933 INFO Hotel data fetched successfully.
2026-07-31 06:53:15,984 INFO Extracted 10 records.
2026-07-31 06:53:15,986 INFO ETL complete. DataFrame shape: (10, 11)

