2026-07-09 17:22:57,243 INFO Starting MySQL to Snowflake migration...
2026-07-09 17:24:09,649 INFO Starting MySQL to Snowflake migration...
2026-07-09 17:24:11,362 INFO [weather] Reading from MySQL...
2026-07-09 17:24:11,523 INFO [weather] 2016 rows read. Writing to Snowflake...
2026-07-09 17:24:13,487 ERROR [weather] Snowflake write failed: (snowflake.connector.errors.DatabaseError) 250001 (08001): Failed to connect to DB: VXAZNVQ-TZ39347.snowflakecomputing.com:443. Failed to authenticate: MFA with TOTP is required. To authenticate, provide both your password and a current TOTP passcode.
(Background on this error at: https://sqlalche.me/e/20/4xp6)
2026-07-09 17:24:13,487 WARNING [weather] Skipping due to error — continuing with remaining tables.
2026-07-09 17:24:13,487 INFO [monthly_weather] Reading from MySQL...
2026-07-09 17:24:13,504 INFO [monthly_weather] 36 rows read. Writing to Snowflake...
2026-07-09 17:24:14,002 ERROR [monthly_weather] Snowflake write failed: (snowflake.connector.errors.DatabaseError) 250001 (08001): Failed to connect to DB: VXAZNVQ-TZ39347.snowflakecomputing.com:443. Failed to authenticate: MFA with TOTP is required. To authenticate, provide both your password and a current TOTP passcode.
(Background on this error at: https://sqlalche.me/e/20/4xp6)
2026-07-09 17:24:14,002 WARNING [monthly_weather] Skipping due to error — continuing with remaining tables.
2026-07-09 17:24:14,002 INFO [flight] Reading from MySQL...
2026-07-09 17:24:14,004 INFO [flight] 6 rows read. Writing to Snowflake...
2026-07-09 17:24:14,321 ERROR [flight] Snowflake write failed: (snowflake.connector.errors.DatabaseError) 250001 (08001): Failed to connect to DB: VXAZNVQ-TZ39347.snowflakecomputing.com:443. Failed to authenticate: MFA with TOTP is required. To authenticate, provide both your password and a current TOTP passcode.
(Background on this error at: https://sqlalche.me/e/20/4xp6)
2026-07-09 17:24:14,321 WARNING [flight] Skipping due to error — continuing with remaining tables.
2026-07-09 17:24:14,321 INFO [monthly_flight] Reading from MySQL...
2026-07-09 17:24:14,337 INFO [monthly_flight] 30 rows read. Writing to Snowflake...
2026-07-09 17:24:14,636 ERROR [monthly_flight] Snowflake write failed: (snowflake.connector.errors.DatabaseError) 250001 (08001): Failed to connect to DB: VXAZNVQ-TZ39347.snowflakecomputing.com:443. Failed to authenticate: MFA with TOTP is required. To authenticate, provide both your password and a current TOTP passcode.
(Background on this error at: https://sqlalche.me/e/20/4xp6)
2026-07-09 17:24:14,636 WARNING [monthly_flight] Skipping due to error — continuing with remaining tables.
2026-07-09 17:24:14,636 INFO [hotel] Reading from MySQL...
2026-07-09 17:24:14,652 INFO [hotel] 31 rows read. Writing to Snowflake...
2026-07-09 17:24:14,983 ERROR [hotel] Snowflake write failed: (snowflake.connector.errors.DatabaseError) 250001 (08001): Failed to connect to DB: VXAZNVQ-TZ39347.snowflakecomputing.com:443. Failed to authenticate: MFA with TOTP is required. To authenticate, provide both your password and a current TOTP passcode.
(Background on this error at: https://sqlalche.me/e/20/4xp6)
2026-07-09 17:24:14,983 WARNING [hotel] Skipping due to error — continuing with remaining tables.
2026-07-09 17:24:14,983 INFO [monthly_hotel] Reading from MySQL...
2026-07-09 17:24:15,004 INFO [monthly_hotel] 30 rows read. Writing to Snowflake...
2026-07-09 17:24:15,356 ERROR [monthly_hotel] Snowflake write failed: (snowflake.connector.errors.DatabaseError) 250001 (08001): Failed to connect to DB: VXAZNVQ-TZ39347.snowflakecomputing.com:443. Failed to authenticate: MFA with TOTP is required. To authenticate, provide both your password and a current TOTP passcode.
(Background on this error at: https://sqlalche.me/e/20/4xp6)
2026-07-09 17:24:15,358 WARNING [monthly_hotel] Skipping due to error — continuing with remaining tables.
2026-07-09 17:24:15,358 INFO [hist_flight] Reading from MySQL...
2026-07-09 17:24:15,361 INFO [hist_flight] 8 rows read. Writing to Snowflake...
2026-07-09 17:24:15,699 ERROR [hist_flight] Snowflake write failed: (snowflake.connector.errors.DatabaseError) 250001 (08001): Failed to connect to DB: VXAZNVQ-TZ39347.snowflakecomputing.com:443. Failed to authenticate: MFA with TOTP is required. To authenticate, provide both your password and a current TOTP passcode.
(Background on this error at: https://sqlalche.me/e/20/4xp6)
2026-07-09 17:24:15,699 WARNING [hist_flight] Skipping due to error — continuing with remaining tables.
2026-07-09 17:24:15,699 INFO ==================================================
2026-07-09 17:24:15,699 INFO Migration complete.
2026-07-09 17:24:15,699 INFO Succeeded : 0 tables — []
2026-07-09 17:24:15,699 ERROR Failed : 7 tables — ['weather', 'monthly_weather', 'flight', 'monthly_flight', 'hotel', 'monthly_hotel', 'hist_flight']
2026-07-09 17:24:15,699 INFO 

2026-07-09 17:30:29,671 INFO Starting MySQL to Snowflake migration...
2026-07-09 17:30:30,418 INFO [weather] Reading from MySQL...
2026-07-09 17:30:30,507 INFO [weather] 2016 rows read. Writing to Snowflake...
2026-07-09 17:30:31,744 ERROR [weather] Snowflake write failed: (snowflake.connector.errors.DatabaseError) 250001 (08001): Failed to connect to DB: VXAZNVQ-TZ39347.snowflakecomputing.com:443. Failed to authenticate: MFA with TOTP is required. To authenticate, provide both your password and a current TOTP passcode.
(Background on this error at: https://sqlalche.me/e/20/4xp6)
2026-07-09 17:30:31,744 WARNING [weather] Skipping due to error — continuing with remaining tables.
2026-07-09 17:30:31,744 INFO [monthly_weather] Reading from MySQL...
2026-07-09 17:30:31,749 INFO [monthly_weather] 36 rows read. Writing to Snowflake...
2026-07-09 17:30:32,133 ERROR [monthly_weather] Snowflake write failed: (snowflake.connector.errors.DatabaseError) 250001 (08001): Failed to connect to DB: VXAZNVQ-TZ39347.snowflakecomputing.com:443. Failed to authenticate: MFA with TOTP is required. To authenticate, provide both your password and a current TOTP passcode.
(Background on this error at: https://sqlalche.me/e/20/4xp6)
2026-07-09 17:30:32,133 WARNING [monthly_weather] Skipping due to error — continuing with remaining tables.
2026-07-09 17:30:32,133 INFO [flight] Reading from MySQL...
2026-07-09 17:30:32,136 INFO [flight] 6 rows read. Writing to Snowflake...
2026-07-09 17:30:32,750 ERROR [flight] Snowflake write failed: (snowflake.connector.errors.DatabaseError) 250001 (08001): Failed to connect to DB: VXAZNVQ-TZ39347.snowflakecomputing.com:443. Failed to authenticate: MFA with TOTP is required. To authenticate, provide both your password and a current TOTP passcode.
(Background on this error at: https://sqlalche.me/e/20/4xp6)
2026-07-09 17:30:32,750 WARNING [flight] Skipping due to error — continuing with remaining tables.
2026-07-09 17:30:32,750 INFO [monthly_flight] Reading from MySQL...
2026-07-09 17:30:32,750 INFO [monthly_flight] 30 rows read. Writing to Snowflake...
2026-07-09 17:30:33,100 ERROR [monthly_flight] Snowflake write failed: (snowflake.connector.errors.DatabaseError) 250001 (08001): Failed to connect to DB: VXAZNVQ-TZ39347.snowflakecomputing.com:443. Failed to authenticate: MFA with TOTP is required. To authenticate, provide both your password and a current TOTP passcode.
(Background on this error at: https://sqlalche.me/e/20/4xp6)
2026-07-09 17:30:33,100 WARNING [monthly_flight] Skipping due to error — continuing with remaining tables.
2026-07-09 17:30:33,100 INFO [hotel] Reading from MySQL...
2026-07-09 17:30:33,109 INFO [hotel] 31 rows read. Writing to Snowflake...
2026-07-09 17:30:33,421 ERROR [hotel] Snowflake write failed: (snowflake.connector.errors.DatabaseError) 250001 (08001): Failed to connect to DB: VXAZNVQ-TZ39347.snowflakecomputing.com:443. Failed to authenticate: MFA with TOTP is required. To authenticate, provide both your password and a current TOTP passcode.
(Background on this error at: https://sqlalche.me/e/20/4xp6)
2026-07-09 17:30:33,421 WARNING [hotel] Skipping due to error — continuing with remaining tables.
2026-07-09 17:30:33,421 INFO [monthly_hotel] Reading from MySQL...
2026-07-09 17:30:33,435 INFO [monthly_hotel] 30 rows read. Writing to Snowflake...
2026-07-09 17:30:33,754 ERROR [monthly_hotel] Snowflake write failed: (snowflake.connector.errors.DatabaseError) 250001 (08001): Failed to connect to DB: VXAZNVQ-TZ39347.snowflakecomputing.com:443. Failed to authenticate: MFA with TOTP is required. To authenticate, provide both your password and a current TOTP passcode.
(Background on this error at: https://sqlalche.me/e/20/4xp6)
2026-07-09 17:30:33,754 WARNING [monthly_hotel] Skipping due to error — continuing with remaining tables.
2026-07-09 17:30:33,754 INFO [hist_flight] Reading from MySQL...
2026-07-09 17:30:33,754 INFO [hist_flight] 8 rows read. Writing to Snowflake...
2026-07-09 17:30:34,063 ERROR [hist_flight] Snowflake write failed: (snowflake.connector.errors.DatabaseError) 250001 (08001): Failed to connect to DB: VXAZNVQ-TZ39347.snowflakecomputing.com:443. Failed to authenticate: MFA with TOTP is required. To authenticate, provide both your password and a current TOTP passcode.
(Background on this error at: https://sqlalche.me/e/20/4xp6)
2026-07-09 17:30:34,063 WARNING [hist_flight] Skipping due to error — continuing with remaining tables.
2026-07-09 17:30:34,063 INFO ==================================================
2026-07-09 17:30:34,063 INFO Migration complete.
2026-07-09 17:30:34,063 INFO Succeeded : 0 tables — []
2026-07-09 17:30:34,063 ERROR Failed : 7 tables — ['weather', 'monthly_weather', 'flight', 'monthly_flight', 'hotel', 'monthly_hotel', 'hist_flight']
2026-07-09 17:30:34,063 INFO 

2026-07-09 17:46:38,495 INFO Starting MySQL to Snowflake migration...
2026-07-09 17:46:38,527 INFO Loading private key file from: C:\Users\Lenovo\.dbt\rsa_key.p8
2026-07-09 17:46:39,222 INFO [weather] Reading from MySQL...
2026-07-09 17:46:39,326 INFO [weather] 2016 rows read. Writing to Snowflake...
2026-07-09 17:46:43,672 INFO [weather] Successfully loaded 2016 rows.
2026-07-09 17:46:43,672 INFO [monthly_weather] Reading from MySQL...
2026-07-09 17:46:43,678 INFO [monthly_weather] 36 rows read. Writing to Snowflake...
2026-07-09 17:46:44,557 INFO [monthly_weather] Successfully loaded 36 rows.
2026-07-09 17:46:44,557 INFO [flight] Reading from MySQL...
2026-07-09 17:46:44,561 INFO [flight] 6 rows read. Writing to Snowflake...
2026-07-09 17:46:45,459 INFO [flight] Successfully loaded 6 rows.
2026-07-09 17:46:45,459 INFO [monthly_flight] Reading from MySQL...
2026-07-09 17:46:45,462 INFO [monthly_flight] 30 rows read. Writing to Snowflake...
2026-07-09 17:46:46,297 INFO [monthly_flight] Successfully loaded 30 rows.
2026-07-09 17:46:46,298 INFO [hotel] Reading from MySQL...
2026-07-09 17:46:46,302 INFO [hotel] 31 rows read. Writing to Snowflake...
2026-07-09 17:46:47,160 INFO [hotel] Successfully loaded 31 rows.
2026-07-09 17:46:47,160 INFO [monthly_hotel] Reading from MySQL...
2026-07-09 17:46:47,162 INFO [monthly_hotel] 30 rows read. Writing to Snowflake...
2026-07-09 17:46:48,028 INFO [monthly_hotel] Successfully loaded 30 rows.
2026-07-09 17:46:48,028 INFO [hist_flight] Reading from MySQL...
2026-07-09 17:46:48,028 INFO [hist_flight] 8 rows read. Writing to Snowflake...
2026-07-09 17:46:48,873 INFO [hist_flight] Successfully loaded 8 rows.
2026-07-09 17:46:48,873 INFO ==================================================
2026-07-09 17:46:48,873 INFO Migration complete.
2026-07-09 17:46:48,873 INFO Succeeded : 7 tables — ['weather', 'monthly_weather', 'flight', 'monthly_flight', 'hotel', 'monthly_hotel', 'hist_flight']
2026-07-09 17:46:48,873 INFO All tables migrated successfully.
2026-07-09 17:46:48,873 INFO 

2026-07-21 22:32:24,887 INFO Starting MySQL to Snowflake migration...
2026-07-21 22:32:24,950 INFO Loading private key file from: C:\Users\Lenovo\.dbt\rsa_key.p8
2026-07-21 22:32:26,335 INFO [weather] Reading from MySQL...
2026-07-21 22:32:26,627 INFO [weather] 6048 rows read. Writing to Snowflake...
2026-07-21 22:32:42,251 INFO [weather] Successfully loaded 6048 rows.
2026-07-21 22:32:42,251 INFO [monthly_weather] Reading from MySQL...
2026-07-21 22:32:42,258 INFO [monthly_weather] 108 rows read. Writing to Snowflake...
2026-07-21 22:32:45,543 INFO [monthly_weather] Successfully loaded 108 rows.
2026-07-21 22:32:45,543 INFO [flight] Reading from MySQL...
2026-07-21 22:32:45,549 INFO [flight] 48 rows read. Writing to Snowflake...
2026-07-21 22:32:48,786 INFO [flight] Successfully loaded 48 rows.
2026-07-21 22:32:48,786 INFO [monthly_flight] Reading from MySQL...
2026-07-21 22:32:48,802 INFO [monthly_flight] 90 rows read. Writing to Snowflake...
2026-07-21 22:32:52,042 INFO [monthly_flight] Successfully loaded 90 rows.
2026-07-21 22:32:52,042 INFO [hotel] Reading from MySQL...
2026-07-21 22:32:52,063 INFO [hotel] 88 rows read. Writing to Snowflake...
2026-07-21 22:32:55,434 INFO [hotel] Successfully loaded 88 rows.
2026-07-21 22:32:55,434 INFO [monthly_hotel] Reading from MySQL...
2026-07-21 22:32:55,439 INFO [monthly_hotel] 90 rows read. Writing to Snowflake...
2026-07-21 22:32:58,633 INFO [monthly_hotel] Successfully loaded 90 rows.
2026-07-21 22:32:58,633 INFO [hist_flight] Reading from MySQL...
2026-07-21 22:32:58,633 INFO [hist_flight] 22 rows read. Writing to Snowflake...
2026-07-21 22:33:01,808 INFO [hist_flight] Successfully loaded 22 rows.
2026-07-21 22:33:01,808 INFO --------------------------------------------------
2026-07-21 22:33:01,808 INFO Migration complete.
2026-07-21 22:33:01,808 INFO Succeeded : 7 tables — ['weather', 'monthly_weather', 'flight', 'monthly_flight', 'hotel', 'monthly_hotel', 'hist_flight']
2026-07-21 22:33:01,808 INFO All tables migrated successfully.
2026-07-21 22:33:01,808 INFO 

2026-08-05 00:02:28,165 INFO Starting MySQL to Snowflake migration...
2026-08-05 00:02:28,233 INFO Loading private key file from: C:\Users\Lenovo\.dbt\rsa_key.p8
2026-08-05 00:02:29,955 INFO [hist_flight] Reading from MySQL...
2026-08-05 00:02:30,136 INFO [hist_flight] 44 rows read. Writing to Snowflake...
2026-08-05 00:02:42,127 INFO [hist_flight] Successfully loaded 44 rows.
2026-08-05 00:02:42,128 INFO --------------------------------------------------
2026-08-05 00:02:42,128 INFO Migration complete.
2026-08-05 00:02:42,128 INFO Succeeded : 1 tables — ['hist_flight']
2026-08-05 00:02:42,128 INFO All tables migrated successfully.
2026-08-05 00:02:42,128 INFO 

2026-08-05 00:07:24,063 INFO Starting MySQL to Snowflake migration...
2026-08-05 00:07:24,119 INFO Loading private key file from: C:\Users\Lenovo\.dbt\rsa_key.p8
2026-08-05 00:07:24,842 INFO [hist_flight] Reading from MySQL...
2026-08-05 00:07:24,878 INFO [hist_flight] 20 rows read. Writing to Snowflake...
2026-08-05 00:07:28,042 INFO [hist_flight] Successfully loaded 20 rows.
2026-08-05 00:07:28,042 INFO --------------------------------------------------
2026-08-05 00:07:28,042 INFO Migration complete.
2026-08-05 00:07:28,042 INFO Succeeded : 1 tables — ['hist_flight']
2026-08-05 00:07:28,042 INFO All tables migrated successfully.
2026-08-05 00:07:28,042 INFO 

2026-08-05 00:12:07,515 INFO Starting MySQL to Snowflake migration...
2026-08-05 00:12:07,549 INFO Loading private key file from: C:\Users\Lenovo\.dbt\rsa_key.p8
2026-08-05 00:12:08,225 INFO [hist_flight] Reading from MySQL...
2026-08-05 00:12:08,280 INFO [hist_flight] 44 rows read. Writing to Snowflake...
2026-08-05 00:12:10,699 INFO [hist_flight] Successfully loaded 44 rows.
2026-08-05 00:12:10,699 INFO --------------------------------------------------
2026-08-05 00:12:10,699 INFO Migration complete.
2026-08-05 00:12:10,699 INFO Succeeded : 1 tables — ['hist_flight']
2026-08-05 00:12:10,699 INFO All tables migrated successfully.
2026-08-05 00:12:10,699 INFO 

2026-08-05 00:13:55,457 INFO Starting MySQL to Snowflake migration...
2026-08-05 00:13:55,495 INFO Loading private key file from: C:\Users\Lenovo\.dbt\rsa_key.p8
2026-08-05 00:13:56,239 INFO [hist_flight] Reading from MySQL...
2026-08-05 00:13:56,267 INFO [hist_flight] 20 rows read. Writing to Snowflake...
2026-08-05 00:13:58,704 INFO [hist_flight] Successfully loaded 20 rows.
2026-08-05 00:13:58,705 INFO --------------------------------------------------
2026-08-05 00:13:58,705 INFO Migration complete.
2026-08-05 00:13:58,705 INFO Succeeded : 1 tables — ['hist_flight']
2026-08-05 00:13:58,705 INFO All tables migrated successfully.
2026-08-05 00:13:58,705 INFO 

