2026-06-10 00:01:22,837 INFO Computing best time to visit Sikkim
2026-06-10 00:01:22,852 INFO Best time computation completed for Sikkim
2026-06-10 00:08:54,545 INFO Computing best time to visit Sikkim
2026-06-10 00:08:54,582 INFO Best time computation completed for Sikkim
2026-06-10 17:08:42,717 INFO Computing best time to visit Ladakh
2026-06-10 17:08:42,734 INFO Best time computation completed for Ladakh
2026-06-23 23:46:06,520 INFO Computing best time to visit Sikkim
2026-06-23 23:46:06,531 INFO Best time computation completed for Sikkim
2026-06-23 23:48:11,373 INFO Computing best time to visit Manali
2026-06-23 23:48:11,381 INFO Best time computation completed for Manali
2026-06-23 23:49:36,954 INFO Computing best time to visit Munnar
2026-06-23 23:49:36,977 INFO Best time computation completed for Munnar
2026-07-02 08:16:26,978 INFO Computing best time to visit Manali
2026-07-02 08:16:27,004 INFO Best time computation completed for Manali
2026-07-02 08:16:54,686 INFO Computing best time to visit Munnar
2026-07-02 08:16:54,709 INFO Best time computation completed for Munnar
2026-07-02 08:18:08,874 INFO Computing best time to visit Sikkim
2026-07-02 08:18:08,900 INFO Best time computation completed for Sikkim
2026-07-21 10:29:35,928 INFO Computing best time to visit Manali
2026-07-21 10:29:35,948 INFO Best time computation completed for Manali
2026-07-21 10:29:50,491 INFO Computing best time to visit Sikkim
2026-07-21 10:29:50,505 INFO Best time computation completed for Sikkim
2026-07-21 10:31:23,892 INFO Computing best time to visit Ooty
2026-07-21 10:31:23,906 INFO Best time computation completed for Ooty
2026-07-21 10:31:36,646 INFO Computing best time to visit Coorg
2026-07-21 10:31:36,662 INFO Best time computation completed for Coorg
2026-07-21 10:31:43,186 INFO Computing best time to visit Shillong
2026-07-21 10:31:43,201 INFO Best time computation completed for Shillong
